src/middlewares/error.middleware.ts(12,19): error TS2339: Property 'errors' does not exist on type 'ZodError<unknown>'.
